--- 1. 娓呯悊娴嬭瘯鏁版嵁 ---
[PASS] 娓呯悊鏁版嵁

--- 2. 鍑嗗鐢ㄦ埛 Token ---
[PASS] 鏁欏笀鐧诲綍
[PASS] 瀛︾敓鐧诲綍
[PASS] 鏍″浜哄憳鐧诲綍
[PASS] 璁惧绠＄悊鍛樼櫥褰?[PASS] 璐熻矗浜虹櫥褰?[PASS] 璐㈠姟鐧诲綍
娴嬭瘯璁惧ID: 2

--- 3. 娴嬭瘯鏁欏笀棰勭害娴佺▼ (FR-A01) ---
[PASS] 鏁欏笀鎻愪氦棰勭害
[PASS] 璁惧绠＄悊鍛樺鎵规暀甯堥绾?
--- 4. 娴嬭瘯鍐茬獊妫€娴?(FR-R05) ---
[PASS] 鍐茬獊妫€娴?鍚屼竴鏃堕棿娈典笉鍙绾?

--- 5. 娴嬭瘯瀛︾敓棰勭害娴佺▼ (FR-A02) ---
[FAIL] 瀛︾敓鎻愪氦棰勭害: 璁惧褰撳墠涓嶅彲棰勭害
[FAIL] 瀵煎笀瀹℃壒瀛︾敓棰勭害: 棰勭害ID涓嶈兘涓虹┖

--- 6. 娴嬭瘯鏍″浜哄憳棰勭害娴佺▼ (FR-A03) ---
[FAIL] 鏍″浜哄憳鎻愪氦棰勭害: 璁惧褰撳墠涓嶅彲棰勭害

--- 娴嬭瘯鎬荤粨 ---
閫氳繃: 10 / 13
瀛樺湪澶辫触鐨勬祴璇曢」锛岃妫€鏌ユ棩蹇椼€?
